

================================================================
== Vivado HLS Report for 'Block_codeRepl5_proc'
================================================================
* Date:           Fri Jun  7 13:05:42 2019

* Version:        2018.2.2 (Build 2345119 on Mon Oct 01 18:48:11 MDT 2018)
* Project:        filter
* Solution:       solution1
* Product family: aartix7
* Target device:  xa7a12tcsg325-1q


================================================================
== Performance Estimates
================================================================
+ Timing (ns): 
    * Summary: 
    +--------+--------+----------+------------+
    |  Clock | Target | Estimated| Uncertainty|
    +--------+--------+----------+------------+
    |ap_clk  |  100.00|    20.351|       12.50|
    +--------+--------+----------+------------+

+ Latency (clock cycles): 
    * Summary: 
    +-----+-----+-----+-----+---------+
    |  Latency  |  Interval | Pipeline|
    | min | max | min | max |   Type  |
    +-----+-----+-----+-----+---------+
    |   54|  367|   54|  367|   none  |
    +-----+-----+-----+-----+---------+

    + Detail: 
        * Instance: 
        +----------------------------+-----------------+-----+-----+-----+-----+---------+
        |                            |                 |  Latency  |  Interval | Pipeline|
        |          Instance          |      Module     | min | max | min | max |   Type  |
        +----------------------------+-----------------+-----+-----+-----+-----+---------+
        |grp_filter_c_engine_fu_720  |filter_c_engine  |    8|    8|    8|    8|   none  |
        +----------------------------+-----------------+-----+-----+-----+-----+---------+

        * Loop: 
        +--------------------------+-----+-----+----------+-----------+-----------+------+----------+
        |                          |  Latency  | Iteration|  Initiation Interval  | Trip |          |
        |         Loop Name        | min | max |  Latency |  achieved |   target  | Count| Pipelined|
        +--------------------------+-----+-----+----------+-----------+-----------+------+----------+
        |- clear_buf               |   72|   72|         4|          -|          -|    18|    no    |
        |- clear_dealy             |   24|   24|         1|          -|          -|    24|    no    |
        |- iterate_tweeter_filter  |   36|  240|  3 ~ 20  |          -|          -|    12|    no    |
        |- iterate_woofer_filter   |   12|  114|  2 ~ 19  |          -|          -|     6|    no    |
        +--------------------------+-----+-----+----------+-----------+-----------+------+----------+



================================================================
== Utilization Estimates
================================================================
* Summary: 
+-----------------+---------+-------+-------+------+
|       Name      | BRAM_18K| DSP48E|   FF  |  LUT |
+-----------------+---------+-------+-------+------+
|DSP              |        -|      1|      -|     -|
|Expression       |        -|      -|      0|   708|
|FIFO             |        -|      -|      -|     -|
|Instance         |        -|      1|    250|   766|
|Memory           |        -|      -|      -|     -|
|Multiplexer      |        -|      -|      -|   870|
|Register         |        -|      -|    600|     -|
+-----------------+---------+-------+-------+------+
|Total            |        0|      2|    850|  2344|
+-----------------+---------+-------+-------+------+
|Available        |       40|     40|  16000|  8000|
+-----------------+---------+-------+-------+------+
|Utilization (%)  |        0|      5|      5|    29|
+-----------------+---------+-------+-------+------+

+ Detail: 
    * Instance: 
    +----------------------------+----------------------+---------+-------+-----+-----+
    |          Instance          |        Module        | BRAM_18K| DSP48E|  FF | LUT |
    +----------------------------+----------------------+---------+-------+-----+-----+
    |grp_filter_c_engine_fu_720  |filter_c_engine       |        0|      1|  180|  737|
    |filter_c_top_urembkb_U12    |filter_c_top_urembkb  |        0|      0|   70|   29|
    +----------------------------+----------------------+---------+-------+-----+-----+
    |Total                       |                      |        0|      1|  250|  766|
    +----------------------------+----------------------+---------+-------+-----+-----+

    * DSP48: 
    +--------------------------+----------------------+-----------+
    |         Instance         |        Module        | Expression|
    +--------------------------+----------------------+-----------+
    |filter_c_top_mul_cud_U13  |filter_c_top_mul_cud  |  i0 * i1  |
    +--------------------------+----------------------+-----------+

    * Memory: 
    N/A

    * FIFO: 
    N/A

    * Expression: 
    +----------------------------------+----------+-------+---+----+------------+------------+
    |           Variable Name          | Operation| DSP48E| FF| LUT| Bitwidth P0| Bitwidth P1|
    +----------------------------------+----------+-------+---+----+------------+------------+
    |grp_fu_1096_p0                    |     +    |      0|  0|  15|           5|           1|
    |grp_fu_1105_p2                    |     +    |      0|  0|  31|          24|          24|
    |ap_block_state23_io               |    and   |      0|  0|   8|           1|           1|
    |ap_block_state35_io               |    and   |      0|  0|   8|           1|           1|
    |ap_condition_1341                 |    and   |      0|  0|   8|           1|           1|
    |ap_condition_1349                 |    and   |      0|  0|   8|           1|           1|
    |ap_condition_1353                 |    and   |      0|  0|   8|           1|           1|
    |ap_condition_1358                 |    and   |      0|  0|   8|           1|           1|
    |ap_condition_410                  |    and   |      0|  0|   8|           1|           1|
    |ap_predicate_op269_write_state23  |    and   |      0|  0|   8|           1|           1|
    |ap_predicate_op329_write_state35  |    and   |      0|  0|   8|           1|           1|
    |brmerge40_demorgan_i_fu_1014_p2   |    and   |      0|  0|   8|           1|           1|
    |carry_fu_907_p2                   |    and   |      0|  0|   8|           1|           1|
    |overflow_fu_1008_p2               |    and   |      0|  0|   8|           1|           1|
    |p_38_i_fu_984_p2                  |    and   |      0|  0|   8|           1|           1|
    |p_41_i_fu_970_p2                  |    and   |      0|  0|   8|           1|           1|
    |underflow_fu_1032_p2              |    and   |      0|  0|   8|           1|           1|
    |xn_0_V_0_load_A                   |    and   |      0|  0|   8|           1|           1|
    |xn_0_V_0_load_B                   |    and   |      0|  0|   8|           1|           1|
    |yn_0_V_1_load_A                   |    and   |      0|  0|   8|           1|           1|
    |yn_0_V_1_load_B                   |    and   |      0|  0|   8|           1|           1|
    |yn_1_V_1_load_A                   |    and   |      0|  0|   8|           1|           1|
    |yn_1_V_1_load_B                   |    and   |      0|  0|   8|           1|           1|
    |Range1_all_ones_fu_944_p2         |   icmp   |      0|  0|   9|           4|           2|
    |Range1_all_zeros_fu_950_p2        |   icmp   |      0|  0|   9|           4|           1|
    |Range2_all_ones_fu_929_p2         |   icmp   |      0|  0|   9|           3|           2|
    |exitcond1_fu_1247_p2              |   icmp   |      0|  0|  11|           5|           5|
    |exitcond2_fu_1487_p2              |   icmp   |      0|  0|  11|           5|           5|
    |exitcond3_fu_1146_p2              |   icmp   |      0|  0|   9|           4|           4|
    |exitcond_fu_1424_p2               |   icmp   |      0|  0|  11|           5|           5|
    |sel_tmp2_fu_1273_p2               |   icmp   |      0|  0|  11|           5|           4|
    |sel_tmp4_fu_1279_p2               |   icmp   |      0|  0|  11|           5|           4|
    |sel_tmp6_fu_1285_p2               |   icmp   |      0|  0|  11|           5|           6|
    |sel_tmp8_fu_1291_p2               |   icmp   |      0|  0|  11|           5|           4|
    |sel_tmp_fu_1267_p2                |   icmp   |      0|  0|  11|           5|           4|
    |tmp_5_fu_1080_p2                  |   icmp   |      0|  0|  11|           5|           1|
    |xn_0_V_0_state_cmp_full           |   icmp   |      0|  0|   8|           2|           1|
    |yn_0_V_1_state_cmp_full           |   icmp   |      0|  0|   8|           2|           1|
    |yn_1_V_1_state_cmp_full           |   icmp   |      0|  0|   8|           2|           1|
    |ap_block_state1                   |    or    |      0|  0|   8|           1|           1|
    |ap_block_state34_io               |    or    |      0|  0|   8|           1|           1|
    |ap_block_state35                  |    or    |      0|  0|   8|           1|           1|
    |ap_condition_110                  |    or    |      0|  0|   8|           1|           1|
    |ap_condition_115                  |    or    |      0|  0|   8|           1|           1|
    |ap_condition_120                  |    or    |      0|  0|   8|           1|           1|
    |ap_condition_190                  |    or    |      0|  0|   8|           1|           1|
    |ap_condition_195                  |    or    |      0|  0|   8|           1|           1|
    |ap_condition_200                  |    or    |      0|  0|   8|           1|           1|
    |ap_condition_267                  |    or    |      0|  0|   8|           1|           1|
    |ap_condition_272                  |    or    |      0|  0|   8|           1|           1|
    |ap_condition_277                  |    or    |      0|  0|   8|           1|           1|
    |brmerge_i_fu_996_p2               |    or    |      0|  0|   8|           1|           1|
    |brmerge_i_i_fu_1038_p2            |    or    |      0|  0|   8|           1|           1|
    |or_cond1_fu_1315_p2               |    or    |      0|  0|   8|           1|           1|
    |or_cond2_fu_1335_p2               |    or    |      0|  0|   8|           1|           1|
    |or_cond_fu_1303_p2                |    or    |      0|  0|   8|           1|           1|
    |tmp1_fu_1044_p2                   |    or    |      0|  0|   8|           1|           1|
    |tmp_demorgan_fu_1020_p2           |    or    |      0|  0|   8|           1|           1|
    |underflow_not_fu_1050_p2          |    or    |      0|  0|   8|           1|           1|
    |deleted_ones_fu_976_p3            |  select  |      0|  0|   2|           1|           1|
    |deleted_zeros_fu_956_p3           |  select  |      0|  0|   2|           1|           1|
    |newSel1_fu_1309_p3                |  select  |      0|  0|   2|           1|           1|
    |newSel2_fu_1321_p3                |  select  |      0|  0|   2|           1|           1|
    |newSel3_fu_1327_p3                |  select  |      0|  0|   2|           1|           1|
    |newSel4_fu_1341_p3                |  select  |      0|  0|   2|           1|           1|
    |newSel_fu_1297_p3                 |  select  |      0|  0|   2|           1|           1|
    |p_Val2_2_37_fu_1064_p3            |  select  |      0|  0|  25|           1|          25|
    |p_Val2_2_mux_fu_1056_p3           |  select  |      0|  0|  24|           1|          23|
    |xn_woofer_V_3_fu_1072_p3          |  select  |      0|  0|  24|           1|          24|
    |xn_woofer_V_3_xn_woo_fu_1116_p3   |  select  |      0|  0|  24|           1|          24|
    |xn_woofer_V_xn_woofe_fu_1123_p3   |  select  |      0|  0|  24|           1|          24|
    |p_not_i_fu_990_p2                 |    xor   |      0|  0|   8|           1|           2|
    |tmp_4_fu_1002_p2                  |    xor   |      0|  0|   8|           1|           2|
    |tmp_6_fu_964_p2                   |    xor   |      0|  0|   8|           1|           2|
    |tmp_8_fu_901_p2                   |    xor   |      0|  0|   8|           1|           2|
    |tmp_fu_1026_p2                    |    xor   |      0|  0|   8|           1|           2|
    +----------------------------------+----------+-------+---+----+------------+------------+
    |Total                             |          |      0|  0| 708|         153|         253|
    +----------------------------------+----------+-------+---+----+------------+------------+

    * Multiplexer: 
    +----------------------------------+-----+-----------+-----+-----------+
    |               Name               | LUT | Input Size| Bits| Total Bits|
    +----------------------------------+-----+-----------+-----+-----------+
    |ap_NS_fsm                         |  181|         41|    6|        246|
    |ap_done                           |    9|          2|    1|          2|
    |ap_phi_mux_p_051_1_phi_fu_628_p4  |    9|          2|   24|         48|
    |cfg_filt_en_load_phi_reg_655      |   53|         12|    1|         12|
    |coeff_mem_address0                |   56|         13|    7|         91|
    |delay_ptr_V                       |    9|          2|    5|         10|
    |grp_fu_1105_p0                    |   47|         10|   24|        240|
    |grp_fu_1105_p1                    |   44|          9|   24|        216|
    |grp_fu_1440_p0                    |   27|          5|    5|         25|
    |i1_reg_709                        |    9|          2|    5|         10|
    |i2_reg_644                        |    9|          2|    4|          8|
    |i3_reg_685                        |    9|          2|    5|         10|
    |i_reg_697                         |    9|          2|    5|         10|
    |mem_address0                      |   50|         11|    7|         77|
    |mem_d0                            |   33|          6|   24|        144|
    |p_051_1_reg_625                   |    9|          2|   24|         48|
    |p_065_1_reg_634                   |    9|          2|   24|         48|
    |reg_1719                          |    9|          2|    6|         12|
    |reg_1724                          |   15|          3|    7|         21|
    |reg_783                           |   65|         16|   64|       1024|
    |reg_798                           |   15|          3|   16|         48|
    |reg_824                           |   41|          8|   24|        192|
    |reg_834                           |   21|          4|   24|         96|
    |reg_839                           |   15|          3|    7|         21|
    |xn_0_V_0_data_out                 |    9|          2|   24|         48|
    |xn_0_V_0_state                    |   15|          3|    2|          6|
    |xn_0_V_TDATA_blk_n                |    9|          2|    1|          2|
    |xn_0_gain_V_1_fu_210              |    9|          2|   24|         48|
    |xn_woofer_V_2_fu_218              |    9|          2|   24|         48|
    |yn_0_V_1_data_out                 |    9|          2|   24|         48|
    |yn_0_V_1_state                    |   15|          3|    2|          6|
    |yn_0_V_TDATA_blk_n                |    9|          2|    1|          2|
    |yn_1_V_1_data_out                 |    9|          2|   24|         48|
    |yn_1_V_1_state                    |   15|          3|    2|          6|
    |yn_1_V_TDATA_blk_n                |    9|          2|    1|          2|
    +----------------------------------+-----+-----------+-----+-----------+
    |Total                             |  870|        189|  472|       2923|
    +----------------------------------+-----+-----------+-----+-----------+

    * Register: 
    +-----------------------------------------+----+----+-----+-----------+
    |                   Name                  | FF | LUT| Bits| Const Bits|
    +-----------------------------------------+----+----+-----+-----------+
    |ap_CS_fsm                                |   6|   0|    6|          0|
    |ap_done_reg                              |   1|   0|    1|          0|
    |cfg_filt_en_load_phi_reg_655             |   1|   0|    1|          0|
    |delay_ptr_V                              |   5|   0|    5|          0|
    |grp_filter_c_engine_fu_720_ap_start_reg  |   1|   0|    1|          0|
    |i1_reg_709                               |   5|   0|    5|          0|
    |i2_reg_644                               |   4|   0|    4|          0|
    |i3_reg_685                               |   5|   0|    5|          0|
    |i_3_reg_1729                             |   4|   0|    4|          0|
    |i_reg_697                                |   5|   0|    5|          0|
    |newSel4_reg_1785                         |   1|   0|    1|          0|
    |p_051_1_reg_625                          |  24|   0|   24|          0|
    |p_065_1_reg_634                          |  24|   0|   24|          0|
    |reg_1719                                 |   6|   0|    7|          1|
    |reg_1724                                 |   7|   0|    7|          0|
    |reg_768                                  |  16|   0|   16|          0|
    |reg_773                                  |  16|   0|   16|          0|
    |reg_778                                  |  16|   0|   16|          0|
    |reg_783                                  |  64|   0|   64|          0|
    |reg_788                                  |  16|   0|   16|          0|
    |reg_793                                  |  24|   0|   24|          0|
    |reg_798                                  |  16|   0|   16|          0|
    |reg_803                                  |  24|   0|   24|          0|
    |reg_808                                  |   5|   0|    5|          0|
    |reg_814                                  |  16|   0|   16|          0|
    |reg_819                                  |  24|   0|   24|          0|
    |reg_824                                  |  24|   0|   24|          0|
    |reg_834                                  |  24|   0|   24|          0|
    |reg_839                                  |   7|   0|    7|          0|
    |tmp_5_reg_1641                           |   1|   0|    1|          0|
    |tweeter_enabled_fu_206                   |   1|   0|    1|          0|
    |tweeter_enabled_load_reg_1799            |   1|   0|    1|          0|
    |woofer_enabled_fu_214                    |   1|   0|    1|          0|
    |woofer_enabled_load_reg_1848             |   1|   0|    1|          0|
    |xn_0_V_0_payload_A                       |  24|   0|   24|          0|
    |xn_0_V_0_payload_B                       |  24|   0|   24|          0|
    |xn_0_V_0_sel_rd                          |   1|   0|    1|          0|
    |xn_0_V_0_sel_wr                          |   1|   0|    1|          0|
    |xn_0_V_0_state                           |   2|   0|    2|          0|
    |xn_0_gain_V_1_fu_210                     |  24|   0|   24|          0|
    |xn_woofer_V_2_fu_218                     |  24|   0|   24|          0|
    |yn_0_V_1_payload_A                       |  24|   0|   24|          0|
    |yn_0_V_1_payload_B                       |  24|   0|   24|          0|
    |yn_0_V_1_sel_rd                          |   1|   0|    1|          0|
    |yn_0_V_1_sel_wr                          |   1|   0|    1|          0|
    |yn_0_V_1_state                           |   2|   0|    2|          0|
    |yn_1_V_1_payload_A                       |  24|   0|   24|          0|
    |yn_1_V_1_payload_B                       |  24|   0|   24|          0|
    |yn_1_V_1_sel_rd                          |   1|   0|    1|          0|
    |yn_1_V_1_sel_wr                          |   1|   0|    1|          0|
    |yn_1_V_1_state                           |   2|   0|    2|          0|
    +-----------------------------------------+----+----+-----+-----------+
    |Total                                    | 600|   0|  601|          1|
    +-----------------------------------------+----+----+-----+-----------+



================================================================
== Interface
================================================================
* Summary: 
+--------------------+-----+-----+------------+----------------------+--------------+
|      RTL Ports     | Dir | Bits|  Protocol  |     Source Object    |    C Type    |
+--------------------+-----+-----+------------+----------------------+--------------+
|ap_clk              |  in |    1| ap_ctrl_hs | Block_codeRepl5_proc | return value |
|ap_rst              |  in |    1| ap_ctrl_hs | Block_codeRepl5_proc | return value |
|ap_start            |  in |    1| ap_ctrl_hs | Block_codeRepl5_proc | return value |
|ap_done             | out |    1| ap_ctrl_hs | Block_codeRepl5_proc | return value |
|ap_continue         |  in |    1| ap_ctrl_hs | Block_codeRepl5_proc | return value |
|ap_ce               |  in |    1| ap_ctrl_hs | Block_codeRepl5_proc | return value |
|ap_idle             | out |    1| ap_ctrl_hs | Block_codeRepl5_proc | return value |
|ap_ready            | out |    1| ap_ctrl_hs | Block_codeRepl5_proc | return value |
|buf_clr             |  in |    1|   ap_none  |        buf_clr       |    scalar    |
|cfg_gain_val_V      |  in |    6|   ap_none  |    cfg_gain_val_V    |    scalar    |
|xn_0_V_TDATA        |  in |   24|    axis    |        xn_0_V        |    scalar    |
|xn_0_V_TVALID       |  in |    1|    axis    |        xn_0_V        |    scalar    |
|xn_0_V_TREADY       | out |    1|    axis    |        xn_0_V        |    scalar    |
|cfg_delay_val_V     |  in |    5|   ap_none  |    cfg_delay_val_V   |    scalar    |
|cfg_delay_sel       |  in |    1|   ap_none  |     cfg_delay_sel    |    scalar    |
|cfg_filt_en_1       |  in |    1|   ap_none  |     cfg_filt_en_1    |    scalar    |
|cfg_filt_en_2       |  in |    1|   ap_none  |     cfg_filt_en_2    |    scalar    |
|cfg_filt_en_3       |  in |    1|   ap_none  |     cfg_filt_en_3    |    scalar    |
|cfg_filt_en_4       |  in |    1|   ap_none  |     cfg_filt_en_4    |    scalar    |
|cfg_filt_en_5       |  in |    1|   ap_none  |     cfg_filt_en_5    |    scalar    |
|cfg_filt_en_6       |  in |    1|   ap_none  |     cfg_filt_en_6    |    scalar    |
|cfg_filt_en_7       |  in |    1|   ap_none  |     cfg_filt_en_7    |    scalar    |
|cfg_filt_en_8       |  in |    1|   ap_none  |     cfg_filt_en_8    |    scalar    |
|cfg_filt_en_9       |  in |    1|   ap_none  |     cfg_filt_en_9    |    scalar    |
|cfg_filt_en_10      |  in |    1|   ap_none  |    cfg_filt_en_10    |    scalar    |
|cfg_filt_en_11      |  in |    1|   ap_none  |    cfg_filt_en_11    |    scalar    |
|cfg_filt_en_0       |  in |    1|   ap_none  |     cfg_filt_en_0    |    scalar    |
|yn_0_V_TDATA        | out |   24|    axis    |        yn_0_V        |    pointer   |
|yn_0_V_TVALID       | out |    1|    axis    |        yn_0_V        |    pointer   |
|yn_0_V_TREADY       |  in |    1|    axis    |        yn_0_V        |    pointer   |
|cfg_filt_en_13      |  in |    1|   ap_none  |    cfg_filt_en_13    |    scalar    |
|cfg_filt_en_14      |  in |    1|   ap_none  |    cfg_filt_en_14    |    scalar    |
|cfg_filt_en_15      |  in |    1|   ap_none  |    cfg_filt_en_15    |    scalar    |
|cfg_filt_en_16      |  in |    1|   ap_none  |    cfg_filt_en_16    |    scalar    |
|cfg_filt_en_17      |  in |    1|   ap_none  |    cfg_filt_en_17    |    scalar    |
|cfg_filt_en_12      |  in |    1|   ap_none  |    cfg_filt_en_12    |    scalar    |
|coeff_mem_address0  | out |    7|  ap_memory |       coeff_mem      |     array    |
|coeff_mem_ce0       | out |    1|  ap_memory |       coeff_mem      |     array    |
|coeff_mem_q0        |  in |   16|  ap_memory |       coeff_mem      |     array    |
|yn_1_V_TDATA        | out |   24|    axis    |        yn_1_V        |    pointer   |
|yn_1_V_TVALID       | out |    1|    axis    |        yn_1_V        |    pointer   |
|yn_1_V_TREADY       |  in |    1|    axis    |        yn_1_V        |    pointer   |
|mem_address0        | out |    7|  ap_memory |          mem         |     array    |
|mem_ce0             | out |    1|  ap_memory |          mem         |     array    |
|mem_we0             | out |    1|  ap_memory |          mem         |     array    |
|mem_d0              | out |   24|  ap_memory |          mem         |     array    |
|mem_q0              |  in |   24|  ap_memory |          mem         |     array    |
+--------------------+-----+-----+------------+----------------------+--------------+

